// Jest Snapshot v1, https://goo.gl/fbAQLP

exports[`#selectVariantIndex throws if any weight is greater than 1 1`] = `"<Experiment />: Weights should be < 1 and in decimal form. The sum of the variant weights should most commonly add up to 1, e.g. 0.5 & 0.5"`;
